[    0.000000] Linux version 4.15.0-212-generic (buildd@lcy02-amd64-083) (gcc version 7.5.0 (Ubuntu 7.5.0-3ubuntu1~18.04)) #223-Ubuntu SMP Tue May 23 13:09:22 UTC 2023 (Ubuntu 4.15.0-212.223-generic 4.15.18)
[    0.000000] Command line: BOOT_IMAGE=/boot/vmlinuz-4.15.0-212-generic root=LABEL=cloudimg-rootfs ro console=tty1 console=ttyS0
[    0.000000] KERNEL supported cpus:
[    0.000000]   Intel GenuineIntel
[    0.000000]   AMD AuthenticAMD
[    0.000000]   Centaur CentaurHauls
[    0.000000] x86/fpu: x87 FPU will use FXSAVE
[    0.000000] e820: BIOS-provided physical RAM map:
[    0.000000] BIOS-e820: [mem 0x0000000000000000-0x000000000009fbff] usable
[    0.000000] BIOS-e820: [mem 0x000000000009fc00-0x000000000009ffff] reserved
[    0.000000] BIOS-e820: [mem 0x00000000000f0000-0x00000000000fffff] reserved
[    0.000000] BIOS-e820: [mem 0x0000000000100000-0x000000003ffeffff] usable
[    0.000000] BIOS-e820: [mem 0x000000003fff0000-0x000000003fffffff] ACPI data
[    0.000000] BIOS-e820: [mem 0x00000000fec00000-0x00000000fec00fff] reserved
[    0.000000] BIOS-e820: [mem 0x00000000fee00000-0x00000000fee00fff] reserved
[    0.000000] BIOS-e820: [mem 0x00000000fffc0000-0x00000000ffffffff] reserved
[    0.000000] NX (Execute Disable) protection: active
[    0.000000] SMBIOS 2.5 present.
[    0.000000] DMI: innotek GmbH VirtualBox/VirtualBox, BIOS VirtualBox 12/01/2006
[    0.000000] Hypervisor detected: KVM
[    0.000000] e820: last_pfn = 0x3fff0 max_arch_pfn = 0x400000000
[    0.000000] MTRR: Disabled
[    0.000000] x86/PAT: MTRRs disabled, skipping PAT initialization too.
[    0.000000] CPU MTRRs all blank - virtualized system.
[    0.000000] x86/PAT: Configuration [0-7]: WB  WT  UC- UC  WB  WT  UC- UC  
[    0.000000] found SMP MP-table at [mem 0x0009fff0-0x0009ffff]
[    0.000000] Scanning 1 areas for low memory corruption
[    0.000000] RAMDISK: [mem 0x359cb000-0x36cdcfff]
[    0.000000] ACPI: Early table checksum verification disabled
[    0.000000] ACPI: RSDP 0x00000000000E0000 000024 (v02 VBOX  )
[    0.000000] ACPI: XSDT 0x000000003FFF0030 00003C (v01 VBOX   VBOXXSDT 00000001 ASL  00000061)
[    0.000000] ACPI: FACP 0x000000003FFF00F0 0000F4 (v04 VBOX   VBOXFACP 00000001 ASL  00000061)
[    0.000000] ACPI: DSDT 0x000000003FFF0610 002353 (v02 VBOX   VBOXBIOS 00000002 INTL 20100528)
[    0.000000] ACPI: FACS 0x000000003FFF0200 000040
[    0.000000] ACPI: FACS 0x000000003FFF0200 000040
[    0.000000] ACPI: APIC 0x000000003FFF0240 00005C (v02 VBOX   VBOXAPIC 00000001 ASL  00000061)
[    0.000000] ACPI: SSDT 0x000000003FFF02A0 00036C (v01 VBOX   VBOXCPUT 00000002 INTL 20100528)
[    0.000000] ACPI: Reserving FACP table memory at [mem 0x3fff00f0-0x3fff01e3]
[    0.000000] ACPI: Reserving DSDT table memory at [mem 0x3fff0610-0x3fff2962]
[    0.000000] ACPI: Reserving FACS table memory at [mem 0x3fff0200-0x3fff023f]
[    0.000000] ACPI: Reserving FACS table memory at [mem 0x3fff0200-0x3fff023f]
[    0.000000] ACPI: Reserving APIC table memory at [mem 0x3fff0240-0x3fff029b]
[    0.000000] ACPI: Reserving SSDT table memory at [mem 0x3fff02a0-0x3fff060b]
[    0.000000] No NUMA configuration found
[    0.000000] Faking a node at [mem 0x0000000000000000-0x000000003ffeffff]
[    0.000000] NODE_DATA(0) allocated [mem 0x3ffc5000-0x3ffeffff]
[    0.000000] kvm-clock: cpu 0, msr 0:3ff44001, primary cpu clock
[    0.000000] kvm-clock: Using msrs 4b564d01 and 4b564d00
[    0.000000] kvm-clock: using sched offset of 9513145944 cycles
[    0.000000] clocksource: kvm-clock: mask: 0xffffffffffffffff max_cycles: 0x1cd42e4dffb, max_idle_ns: 881590591483 ns
[    0.000000] Zone ranges:
[    0.000000]   DMA      [mem 0x0000000000001000-0x0000000000ffffff]
[    0.000000]   DMA32    [mem 0x0000000001000000-0x000000003ffeffff]
[    0.000000]   Normal   empty
[    0.000000]   Device   empty
[    0.000000] Movable zone start for each node
[    0.000000] Early memory node ranges
[    0.000000]   node   0: [mem 0x0000000000001000-0x000000000009efff]
[    0.000000]   node   0: [mem 0x0000000000100000-0x000000003ffeffff]
[    0.000000] Reserved but unavailable: 104 pages
[    0.000000] Initmem setup node 0 [mem 0x0000000000001000-0x000000003ffeffff]
[    0.000000] ACPI: PM-Timer IO Port: 0x4008
[    0.000000] IOAPIC[0]: apic_id 2, version 32, address 0xfec00000, GSI 0-23
[    0.000000] ACPI: INT_SRC_OVR (bus 0 bus_irq 0 global_irq 2 dfl dfl)
[    0.000000] ACPI: INT_SRC_OVR (bus 0 bus_irq 9 global_irq 9 low level)
[    0.000000] Using ACPI (MADT) for SMP configuration information
[    0.000000] smpboot: Allowing 2 CPUs, 0 hotplug CPUs
[    0.000000] PM: Registered nosave memory: [mem 0x00000000-0x00000fff]
[    0.000000] PM: Registered nosave memory: [mem 0x0009f000-0x0009ffff]
[    0.000000] PM: Registered nosave memory: [mem 0x000a0000-0x000effff]
[    0.000000] PM: Registered nosave memory: [mem 0x000f0000-0x000fffff]
[    0.000000] e820: [mem 0x40000000-0xfebfffff] available for PCI devices
[    0.000000] Booting paravirtualized kernel on KVM
[    0.000000] clocksource: refined-jiffies: mask: 0xffffffff max_cycles: 0xffffffff, max_idle_ns: 7645519600211568 ns
[    0.000000] setup_percpu: NR_CPUS:8192 nr_cpumask_bits:2 nr_cpu_ids:2 nr_node_ids:1
[    0.000000] percpu: Embedded 50 pages/cpu s167936 r8192 d28672 u1048576
[    0.000000] PV qspinlock hash table entries: 256 (order: 0, 4096 bytes)
[    0.000000] Built 1 zonelists, mobility grouping on.  Total pages: 257913
[    0.000000] Policy zone: DMA32
[    0.000000] Kernel command line: BOOT_IMAGE=/boot/vmlinuz-4.15.0-212-generic root=LABEL=cloudimg-rootfs ro console=tty1 console=ttyS0
[    0.000000] Memory: 982644K/1048120K available (12300K kernel code, 2477K rwdata, 4324K rodata, 2480K init, 2720K bss, 65476K reserved, 0K cma-reserved)
[    0.000000] SLUB: HWalign=64, Order=0-3, MinObjects=0, CPUs=2, Nodes=1
[    0.000000] Kernel/User page tables isolation: enabled
[    0.000000] ftrace: allocating 39508 entries in 155 pages
[    0.004000] Hierarchical RCU implementation.
[    0.004000] 	RCU restricting CPUs from NR_CPUS=8192 to nr_cpu_ids=2.
[    0.004000] 	Tasks RCU enabled.
[    0.004000] RCU: Adjusting geometry for rcu_fanout_leaf=16, nr_cpu_ids=2
[    0.004000] NR_IRQS: 524544, nr_irqs: 440, preallocated irqs: 16
[    0.004000] random: crng init done
[    0.004000] Console: colour VGA+ 80x25
[    0.004000] console [tty1] enabled
[    0.004000] console [ttyS0] enabled
[    0.004000] ACPI: Core revision 20170831
[    0.004000] ACPI: 2 ACPI AML tables successfully acquired and loaded
[    0.004000] APIC: Switch to symmetric I/O mode setup
[    0.008000] ..TIMER: vector=0x30 apic1=0 pin1=2 apic2=-1 pin2=-1
[    0.008019] tsc: Detected 2592.008 MHz processor
[    0.012035] Calibrating delay loop (skipped) preset value.. 5184.01 BogoMIPS (lpj=10368032)
[    0.016016] pid_max: default: 32768 minimum: 301
[    0.020260] Security Framework initialized
[    0.024011] Yama: becoming mindful.
[    0.028612] AppArmor: AppArmor initialized
[    0.052525] Dentry cache hash table entries: 131072 (order: 8, 1048576 bytes)
[    0.064355] Inode-cache hash table entries: 65536 (order: 7, 524288 bytes)
[    0.068207] Mount-cache hash table entries: 2048 (order: 2, 16384 bytes)
[    0.072332] Mountpoint-cache hash table entries: 2048 (order: 2, 16384 bytes)
[    0.095027] Last level iTLB entries: 4KB 64, 2MB 8, 4MB 8
[    0.096022] Last level dTLB entries: 4KB 64, 2MB 0, 4MB 0, 1GB 4
[    0.100024] Spectre V1 : Mitigation: usercopy/swapgs barriers and __user pointer sanitization
[    0.104076] Spectre V2 : Mitigation: Retpolines
[    0.108006] Spectre V2 : Spectre v2 / SpectreRSB mitigation: Filling RSB on context switch
[    0.112010] Spectre V2 : Spectre v2 / SpectreRSB : Filling RSB on VMEXIT
[    0.116010] RETBleed: WARNING: Spectre v2 mitigation leaves CPU vulnerable to RETBleed attacks, data leaks possible!
[    0.120009] RETBleed: Vulnerable
[    0.124010] Speculative Store Bypass: Vulnerable
[    0.132284] MDS: Mitigation: Clear CPU buffers
[    0.136009] MMIO Stale Data: Mitigation: Clear CPU buffers
[    0.140023] SRBDS: Unknown: Dependent on hypervisor status
[    0.144998] Freeing SMP alternatives memory: 36K
[    0.280504] APIC calibration not consistent with PM-Timer: 102ms instead of 100ms
[    0.284000] APIC delta adjusted to PM-Timer: 6238467 (6368359)
[    0.288000] smpboot: CPU0: Intel(R) Core(TM) i7-9750H CPU @ 2.60GHz (family: 0x6, model: 0x9e, stepping: 0xa)
[    0.288000] Performance Events: unsupported p6 CPU model 158 no PMU driver, software events only.
[    0.288000] Hierarchical SRCU implementation.
[    0.288000] NMI watchdog: Perf event create on CPU 0 failed with -2
[    0.288000] NMI watchdog: Perf NMI watchdog permanently disabled
[    0.288000] smp: Bringing up secondary CPUs ...
[    0.288000] x86: Booting SMP configuration:
[    0.288000] .... node  #0, CPUs:      #1
[    0.004000] kvm-clock: cpu 1, msr 0:3ff44041, secondary cpu clock
[    0.424436] smp: Brought up 1 node, 2 CPUs
[    0.428031] smpboot: Max logical packages: 1
[    0.432046] smpboot: Total of 2 processors activated (10368.03 BogoMIPS)
[    0.452352] devtmpfs: initialized
[    0.456631] x86/mm: Memory block size: 128MB
[    0.464038] evm: security.selinux
[    0.468013] evm: security.SMACK64
[    0.472013] evm: security.SMACK64EXEC
[    0.480017] evm: security.SMACK64TRANSMUTE
[    0.488012] evm: security.SMACK64MMAP
[    0.492013] evm: security.apparmor
[    0.496007] evm: security.ima
[    0.500007] evm: security.capability
[    0.516683] clocksource: jiffies: mask: 0xffffffff max_cycles: 0xffffffff, max_idle_ns: 7645041785100000 ns
[    0.596042] futex hash table entries: 512 (order: 3, 32768 bytes)
[    0.669220] pinctrl core: initialized pinctrl subsystem
[    0.740020] RTC time:  5:31:22, date: 09/16/23
[    0.806238] NET: Registered protocol family 16
[    0.836695] audit: initializing netlink subsys (disabled)
[    0.864846] audit: type=2000 audit(1694842289.830:1): state=initialized audit_enabled=0 res=1
[    0.868022] cpuidle: using governor ladder
[    0.888042] cpuidle: using governor menu
[    0.916188] ACPI: bus type PCI registered
[    0.948019] acpiphp: ACPI Hot Plug PCI Controller Driver version: 0.5
[    0.984541] PCI: Using configuration type 1 for base access
[    1.012896] HugeTLB registered 2.00 MiB page size, pre-allocated 0 pages
[    1.049776] ACPI: Added _OSI(Module Device)
[    1.072080] ACPI: Added _OSI(Processor Device)
[    1.092007] ACPI: Added _OSI(3.0 _SCP Extensions)
[    1.108007] ACPI: Added _OSI(Processor Aggregator Device)
[    1.128010] ACPI: Added _OSI(Linux-Dell-Video)
[    1.144009] ACPI: Added _OSI(Linux-Lenovo-NV-HDMI-Audio)
[    1.168024] ACPI: Added _OSI(Linux-HPI-Hybrid-Graphics)
[    1.204975] ACPI: Executed 1 blocks of module-level executable AML code
[    1.262399] ACPI: Interpreter enabled
[    1.288053] ACPI: (supports S0 S5)
[    1.312010] ACPI: Using IOAPIC for interrupt routing
[    1.333709] PCI: Using host bridge windows from ACPI; if necessary, use "pci=nocrs" and report a bug
[    1.373349] ACPI: Enabled 2 GPEs in block 00 to 07
[    1.494879] ACPI: PCI Root Bridge [PCI0] (domain 0000 [bus 00-ff])
[    1.536048] acpi PNP0A03:00: _OSC: OS supports [ASPM ClockPM Segments MSI]
[    1.593354] acpi PNP0A03:00: _OSC: not requesting OS control; OS requires [ExtendedConfig ASPM ClockPM MSI]
[    1.648069] acpi PNP0A03:00: fail to add MMCONFIG information, can't access extended PCI configuration space under this bridge.
[    1.742843] PCI host bridge to bus 0000:00
[    1.776027] pci_bus 0000:00: root bus resource [io  0x0000-0x0cf7 window]
[    1.816019] pci_bus 0000:00: root bus resource [io  0x0d00-0xffff window]
[    1.852918] pci_bus 0000:00: root bus resource [mem 0x000a0000-0x000bffff window]
[    1.892033] pci_bus 0000:00: root bus resource [mem 0x40000000-0xfdffffff window]
[    1.932017] pci_bus 0000:00: root bus resource [bus 00-ff]
[    2.001145] pci 0000:00:01.1: legacy IDE quirk: reg 0x10: [io  0x01f0-0x01f7]
[    2.044027] pci 0000:00:01.1: legacy IDE quirk: reg 0x14: [io  0x03f6]
[    2.076047] pci 0000:00:01.1: legacy IDE quirk: reg 0x18: [io  0x0170-0x0177]
[    2.104013] pci 0000:00:01.1: legacy IDE quirk: reg 0x1c: [io  0x0376]
[    2.228684] pci 0000:00:07.0: quirk: [io  0x4000-0x403f] claimed by PIIX4 ACPI
[    2.276270] pci 0000:00:07.0: quirk: [io  0x4100-0x410f] claimed by PIIX4 SMB
[    2.328994] ACPI: PCI Interrupt Link [LNKA] (IRQs 5 9 10 *11)
[    2.349811] ACPI: PCI Interrupt Link [LNKB] (IRQs 5 9 *10 11)
[    2.372575] ACPI: PCI Interrupt Link [LNKC] (IRQs 5 *9 10 11)
[    2.396717] ACPI: PCI Interrupt Link [LNKD] (IRQs 5 9 10 *11)
[    2.421291] SCSI subsystem initialized
[    2.445378] pci 0000:00:02.0: vgaarb: setting as boot VGA device
[    2.448000] pci 0000:00:02.0: vgaarb: VGA device added: decodes=io+mem,owns=io+mem,locks=none
[    2.536031] pci 0000:00:02.0: vgaarb: bridge control possible
[    2.576028] vgaarb: loaded
[    2.596551] ACPI: bus type USB registered
[    2.628184] usbcore: registered new interface driver usbfs
[    2.664168] usbcore: registered new interface driver hub
[    2.700137] usbcore: registered new device driver usb
[    2.733321] EDAC MC: Ver: 3.0.0
[    2.769687] PCI: Using ACPI for IRQ routing
[    2.797967] NetLabel: Initializing
[    2.816016] NetLabel:  domain hash size = 128
[    2.836012] NetLabel:  protocols = UNLABELED CIPSOv4 CALIPSO
[    2.868224] NetLabel:  unlabeled traffic allowed by default
[    2.881232] clocksource: Switched to clocksource kvm-clock
[    2.929869] VFS: Disk quotas dquot_6.6.0
[    2.929869] VFS: Dquot-cache hash table entries: 512 (order 0, 4096 bytes)
[    2.929869] AppArmor: AppArmor Filesystem Enabled
[    2.929869] pnp: PnP ACPI init
[    2.929869] pnp: PnP ACPI: found 3 devices
[    3.389462] clocksource: acpi_pm: mask: 0xffffff max_cycles: 0xffffff, max_idle_ns: 2085701024 ns
[    3.427441] NET: Registered protocol family 2
[    3.451617] IP idents hash table entries: 16384 (order: 5, 131072 bytes)
[    3.490536] TCP established hash table entries: 8192 (order: 4, 65536 bytes)
[    3.525295] TCP bind hash table entries: 8192 (order: 5, 131072 bytes)
[    3.528184] TCP: Hash tables configured (established 8192 bind 8192)
[    3.528184] UDP hash table entries: 512 (order: 2, 16384 bytes)
[    3.528184] UDP-Lite hash table entries: 512 (order: 2, 16384 bytes)
[    3.528184] NET: Registered protocol family 1
[    3.691120] pci 0000:00:00.0: Limiting direct PCI/PCI transfers
[    3.694886] pci 0000:00:01.0: Activating ISA DMA hang workarounds
[    3.694886] pci 0000:00:02.0: Video device with shadowed ROM at [mem 0x000c0000-0x000dffff]
[    3.694886] Unpacking initramfs...
[    5.490888] Freeing initrd memory: 19528K
[    5.490888] clocksource: tsc: mask: 0xffffffffffffffff max_cycles: 0x255cbea3061, max_idle_ns: 440795313801 ns
[    5.490888] platform rtc_cmos: registered platform RTC device (no PNP device found)
[    5.490888] Scanning for low memory corruption every 60 seconds
[    5.687365] Initialise system trusted keyrings
[    5.688625] Key type blacklist registered
[    5.751520] workingset: timestamp_bits=36 max_order=18 bucket_order=0
[    5.753917] zbud: loaded
[    5.823798] squashfs: version 4.0 (2009/01/31) Phillip Lougher
[    5.824199] fuse init (API version 7.26)
[    6.166085] Key type asymmetric registered
[    6.198397] Asymmetric key parser 'x509' registered
[    6.234264] Block layer SCSI generic (bsg) driver version 0.4 loaded (major 246)
[    6.282512] io scheduler noop registered
[    6.310345] io scheduler deadline registered
[    6.334775] io scheduler cfq registered (default)
[    6.361853] ACPI: AC Adapter [AC] (off-line)
[    6.383137] input: Power Button as /devices/LNXSYSTM:00/LNXPWRBN:00/input/input0
[    6.422709] ACPI: Power Button [PWRF]
[    6.440993] input: Sleep Button as /devices/LNXSYSTM:00/LNXSLPBN:00/input/input1
[    6.482803] ACPI: Sleep Button [SLPF]
[    6.526781] Serial: 8250/16550 driver, 32 ports, IRQ sharing enabled
[    6.539054] ACPI: Battery Slot [BAT0] (battery present)
[    6.672434] 00:02: ttyS0 at I/O 0x3f8 (irq = 4, base_baud = 115200) is a 16550A
[    6.751857] Linux agpgart interface v0.103
[    6.807215] loop: module loaded
[    6.835484] scsi host0: ata_piix
[    6.865706] scsi host1: ata_piix
[    6.888153] ata1: PATA max UDMA/33 cmd 0x1f0 ctl 0x3f6 bmdma 0xd000 irq 14
[    6.926845] ata2: PATA max UDMA/33 cmd 0x170 ctl 0x376 bmdma 0xd008 irq 15
[    6.974828] tun: Universal TUN/TAP device driver, 1.6
[    7.016935] PPP generic driver version 2.4.2
[    7.054469] ehci_hcd: USB 2.0 'Enhanced' Host Controller (EHCI) Driver
[    7.092953] ehci-pci: EHCI PCI platform driver
[    7.121083] ehci-platform: EHCI generic platform driver
[    7.156140] ohci_hcd: USB 1.1 'Open' Host Controller (OHCI) Driver
[    7.205052] ohci-pci: OHCI PCI platform driver
[    7.242117] ohci-platform: OHCI generic platform driver
[    7.286328] uhci_hcd: USB Universal Host Controller Interface driver
[    7.441626] i8042: PNP: PS/2 Controller [PNP0303:PS2K,PNP0f03:PS2M] at 0x60,0x64 irq 1,12
[    7.481733] serio: i8042 KBD port at 0x60,0x64 irq 1
[    7.501395] serio: i8042 AUX port at 0x60,0x64 irq 12
[    7.524783] mousedev: PS/2 mouse device common for all mice
[    7.556063] input: AT Translated Set 2 keyboard as /devices/platform/i8042/serio0/input/input2
[    7.558903] rtc_cmos rtc_cmos: rtc core: registered rtc_cmos as rtc0
[    7.639783] rtc_cmos rtc_cmos: alarms up to one day, 114 bytes nvram
[    7.681982] i2c /dev entries driver
[    7.704069] device-mapper: uevent: version 1.0.3
[    7.736593] device-mapper: ioctl: 4.37.0-ioctl (2017-09-20) initialised: dm-devel@redhat.com
[    7.789916] ledtrig-cpu: registered to indicate activity on CPUs
[    7.839376] NET: Registered protocol family 10
[    7.923563] Segment Routing with IPv6
[    7.941057] NET: Registered protocol family 17
[    7.961557] Key type dns_resolver registered
[    7.987855] mce: Using 0 MCE banks
[    8.005269] RAS: Correctable Errors collector initialized.
[    8.030563] sched_clock: Marking stable (8030366997, 0)->(12090124362, -4059757365)
[    8.078021] registered taskstats version 1
[    8.092969] Loading compiled-in X.509 certificates
[    8.128709] Loaded X.509 cert 'Build time autogenerated kernel key: b5b26778eaa3ab3a4a6cee031137706e947d12ad'
[    8.171608] Loaded X.509 cert 'Canonical Ltd. Live Patch Signing: 14df34d1a87cf37625abec039ef2bf521249b969'
[    8.226491] Loaded X.509 cert 'Canonical Ltd. Kernel Module Signing: 88f752e560a1e0737e31163a466ad7b70a850c19'
[    8.289424] blacklist: Loading compiled-in revocation X.509 certificates
[    8.332029] Loaded X.509 cert 'Canonical Ltd. Secure Boot Signing: 61482aa2830d0ab2ad5af10b7250da9033ddcef0'
[    8.391269] Loaded X.509 cert 'Canonical Ltd. Secure Boot Signing (2017): 242ade75ac4a15e50d50c84b0d45ff3eae707a03'
[    8.450317] Loaded X.509 cert 'Canonical Ltd. Secure Boot Signing (ESM 2018): 365188c1d374d6b07c3c8f240f8ef722433d6a8b'
[    8.503453] Loaded X.509 cert 'Canonical Ltd. Secure Boot Signing (2019): c0746fd6c5da3ae827864651ad66ae47fe24b3e8'
[    8.543220] Loaded X.509 cert 'Canonical Ltd. Secure Boot Signing (2021 v1): a8d54bbb3825cfb94fa13c9f8a594a195c107b8d'
[    8.573616] Loaded X.509 cert 'Canonical Ltd. Secure Boot Signing (2021 v2): 4cf046892d6fd3c9a5b03f98d845f90851dc6a8c'
[    8.614819] Loaded X.509 cert 'Canonical Ltd. Secure Boot Signing (2021 v3): 100437bb6de6e469b581e61cd66bce3ef4ed53af'
[    8.670204] Loaded X.509 cert 'Canonical Ltd. Secure Boot Signing (Ubuntu Core 2019): c1d57b8f6b743f23ee41f4f7ee292f06eecadfb9'
[    8.734188] zswap: loaded using pool lzo/zbud
[    8.835339] Key type big_key registered
[    8.864200] Key type trusted registered
[    8.912895] Key type encrypted registered
[    8.931744] AppArmor: AppArmor sha1 policy hashing enabled
[    8.956311] ima: No TPM chip found, activating TPM-bypass! (rc=-19)
[    9.001020] ima: Allocated hash algorithm: sha1
[    9.031980] evm: HMAC attrs: 0x1
[    9.060322]   Magic number: 7:227:517
[    9.084584] rtc_cmos rtc_cmos: setting system clock to 2023-09-16 05:31:30 UTC (1694842290)
[    9.130248] BIOS EDD facility v0.16 2004-Jun-25, 0 devices found
[    9.166912] EDD information not available.
[    9.223494] Freeing unused kernel image memory: 2480K
[    9.382939] Write protecting the kernel read-only data: 20480k
[    9.424229] Freeing unused kernel image memory: 2008K
[    9.458475] Freeing unused kernel image memory: 1820K
[    9.522723] x86/mm: Checked W+X mappings: passed, no W+X pages found.
[    9.555146] x86/mm: Checking user space page tables
[    9.608300] x86/mm: Checked W+X mappings: passed, no W+X pages found.
Loading, please wait...
starting version 237
[   10.253301] e1000: Intel(R) PRO/1000 Network Driver - version 7.3.21-k8-NAPI
[   10.280255] e1000: Copyright (c) 1999-2006 Intel Corporation.
[   10.334400] Fusion MPT base driver 3.04.20
[   10.349757] Copyright (c) 1999-2008 LSI Corporation
[   10.597014] Fusion MPT SPI Host driver 3.04.20
[   10.774354] SSE version of gcm_enc/dec engaged.
[   10.903307] input: ImExPS/2 Generic Explorer Mouse as /devices/platform/i8042/serio1/input/input4
[   12.629481] e1000 0000:00:03.0 eth0: (PCI:33MHz:32-bit) 02:3b:7b:b7:3b:2d
[   12.659585] e1000 0000:00:03.0 eth0: Intel(R) PRO/1000 Network Connection
[   12.707003] e1000 0000:00:03.0 enp0s3: renamed from eth0
[   12.741453] mptbase: ioc0: Initiating bringup
[   13.173459] ioc0: LSI53C1030 A0: Capabilities={Initiator}
[   14.080067] scsi host2: ioc0: LSI53C1030 A0, FwRev=00000000h, Ports=1, MaxQ=256, IRQ=20
[   14.277426] scsi 2:0:0:0: Direct-Access     VBOX     HARDDISK         1.0  PQ: 0 ANSI: 5
[   14.340404] scsi target2:0:0: Beginning Domain Validation
[   14.402559] scsi target2:0:0: Domain Validation skipping write tests
[   14.430511] scsi target2:0:0: Ending Domain Validation
[   14.457645] scsi target2:0:0: asynchronous
[   14.493622] scsi 2:0:1:0: Direct-Access     VBOX     HARDDISK         1.0  PQ: 0 ANSI: 5
[   14.578129] scsi target2:0:1: Beginning Domain Validation
[   14.665048] scsi target2:0:1: Domain Validation skipping write tests
[   14.706206] scsi target2:0:1: Ending Domain Validation
[   14.740949] scsi target2:0:1: asynchronous
[   14.834755] sd 2:0:0:0: Attached scsi generic sg0 type 0
[   14.843403] sd 2:0:0:0: [sda] 83886080 512-byte logical blocks: (42.9 GB/40.0 GiB)
[   14.867350] sd 2:0:1:0: Attached scsi generic sg1 type 0
[   14.909449] sd 2:0:0:0: [sda] Write Protect is off
[   14.983036] sd 2:0:0:0: [sda] Incomplete mode parameter data
[   15.017771] sd 2:0:0:0: [sda] Assuming drive cache: write through
[   15.018487] sd 2:0:1:0: [sdb] 20480 512-byte logical blocks: (10.5 MB/10.0 MiB)
[   15.090407] sd 2:0:1:0: [sdb] Write Protect is off
[   15.124707] sd 2:0:1:0: [sdb] Incomplete mode parameter data
[   15.165606] sd 2:0:1:0: [sdb] Assuming drive cache: write through
[   15.215516]  sda: sda1
[   15.261390] sd 2:0:0:0: [sda] Attached SCSI disk
[   15.265214] sd 2:0:1:0: [sdb] Attached SCSI disk
Begin: Loading essential drivers ... [   22.192494] raid6: sse2x1   gen()   824 MB/s
[   22.264599] raid6: sse2x1   xor()  1349 MB/s
[   22.336508] raid6: sse2x2   gen()  2559 MB/s
[   22.404569] raid6: sse2x2   xor()  2258 MB/s
[   22.472853] raid6: sse2x4   gen()  3038 MB/s
[   22.541239] raid6: sse2x4   xor()  2140 MB/s
[   22.566441] raid6: using algorithm sse2x4 gen() 3038 MB/s
[   22.602842] raid6: .... xor() 2140 MB/s, rmw enabled
[   22.638094] raid6: using ssse3x2 recovery algorithm
[   22.690749] xor: measuring software checksum speed
[   22.756519]    prefetch64-sse:  4159.000 MB/sec
[   22.825277]    generic_sse:  3509.000 MB/sec
[   22.846616] xor: using function: prefetch64-sse (4159.000 MB/sec)
[   22.887590] async_tx: api initialized (async)
done.
Begin: Running /scripts/init-premount ... done.
Begin: Mounting root file system ... Begin: Running /scripts/local-top ... done.
Begin: Running /scripts/local-premount ... [   23.338608] Btrfs loaded, crc32c=crc32c-intel
Scanning for Btrfs filesystems
done.
Warning: fsck not present, so skipping root file system
[   23.771665] EXT4-fs (sda1): mounted filesystem with ordered data mode. Opts: (null)
done.
Begin: Running /scripts/local-bottom ... done.
Begin: Running /scripts/init-bottom ... done.
[   25.028889] ip_tables: (C) 2000-2006 Netfilter Core Team
[   25.113570] systemd[1]: systemd 237 running in system mode. (+PAM +AUDIT +SELINUX +IMA +APPARMOR +SMACK +SYSVINIT +UTMP +LIBCRYPTSETUP +GCRYPT +GNUTLS +ACL +XZ +LZ4 +SECCOMP +BLKID +ELFUTILS +KMOD -IDN2 +IDN -PCRE2 default-hierarchy=hybrid)
[   25.222677] systemd[1]: Detected virtualization oracle.
[   25.255813] systemd[1]: Detected architecture x86-64.

Welcome to [1mUbuntu 18.04.6 LTS[0m!

[   25.540044] systemd[1]: Set hostname to <ubuntu>.
[   25.625168] systemd[1]: Initializing machine ID from random generator.
[   25.672161] systemd[1]: Installed transient /etc/machine-id file.
[   27.442346] systemd[1]: Reached target Swap.
[[0;32m  OK  [0m] Reached target Swap.
[   27.478729] systemd[1]: Started Forward Password Requests to Wall Directory Watch.
[[0;32m  OK  [0m] Started Forward Password Requests to Wall Directory Watch.
[   27.604526] systemd[1]: Created slice System Slice.
[[0;32m  OK  [0m] Created slice System Slice.
[   27.627875] systemd[1]: Listening on /dev/initctl Compatibility Named Pipe.
[[0;32m  OK  [0m] Listening on /dev/initctl Compatibility Named Pipe.
[[0;32m  OK  [0m] Listening on Journal Socket.
         Mounting Huge Pages File System...
         Mounting Kernel Debug File System...
         Starting Uncomplicated firewall...
         Starting Set the console keyboard layout...
[[0;32m  OK  [0m] Listening on LVM2 metadata daemon socket.
         Starting Create list of required stâ€¦ce nodes for the current kernel...
[[0;32m  OK  [0m] Reached target Mounting snaps.
[[0;32m  OK  [0m] Listening on fsck to fsckd communication Socket.
         Starting File System Check on Root Device...
[[0;32m  OK  [0m] Created slice User and Session Slice.
[[0;32m  OK  [0m] Listening on Journal Socket (/dev/log).
[[0;32m  OK  [0m] Listening on LVM2 poll daemon socket.
[[0;32m  OK  [0m] Reached target User and Group Name Lookups.
[[0;32m  OK  [0m] Listening on Device-mapper event daemon FIFOs.
         Starting Monitoring of LVM2 mirrorsâ€¦ng dmeventd or progress polling...
         Mounting POSIX Message Queue File System...
         Starting Load Kernel Modules...
[[0;32m  OK  [0m] Set up automount Arbitrary Executabâ€¦rmats File System Automount Point.
[[0;32m  OK  [0m] Reached target Mounted snaps.
[[0;32m  OK  [0m] Listening on udev Kernel Socket.
[[0;32m  OK  [0m] Reached target System Time Synchronized.
[[0;32m  OK  [0m] Listening on Network Service Netlink Socket.
[[0;32m  OK  [0m] Created slice system-serial\x2dgetty.slice.
[[0;32m  OK  [0m] Listening on udev Control Socket.
         Starting udev Coldplug all Devices...
[[0;32m  OK  [0m] Listening on Syslog Socket.
[[0;32m  OK  [0m] Reached target Slices.
[[0;32m  OK  [0m] Listening on Journal Audit Socket.
[   28.463426] Loading iSCSI transport class v2.0-870.
         Starting Journal Service...
[[0;32m  OK  [0m] Mounted Huge Pages File System.
[[0;32m  OK  [0m] Mounted Kernel Debug File System.
[[0;32m  OK  [0m] Started Uncomplicated firewall.
[[0;32m  OK  [0m] Started Create list of required staâ€¦vice nodes for the current kernel.
[[0;32m  OK  [0m] Started File System Check on Root Device.
[[0;32m  OK  [0m] Mounted POSIX Message Queue File System.
[[0;32m  OK  [0m] Started File System Check Daemon to report status.
         Starting Remount Root and Kernel File Systems...[   29.031253] iscsi: registered transport (tcp)

         Starting Create Static Device Nodes in /dev...
[[0;32m  OK  [0m] Started LVM2 metadata daemon.
[   29.305466] EXT4-fs (sda1): re-mounted. Opts: (null)
[[0;32m  OK  [0m] Started Remount Root and Kernel File Systems.
         Starting Load/Save Random Seed...
[[0;32m  OK  [0m] Started Create Static Device Nodes in /dev.
         Starting udev Kernel Device Manager...
[[0;32m  OK  [0m] Started Load/Save Random Seed.
[[0;32m  OK  [0m] Started Monitoring of LVM2 mirrors,â€¦sing dmeventd or progress polling.
[   29.814671] iscsi: registered transport (iser)
[[0;32m  OK  [0m] Started Load Kernel Modules.
         Starting Apply Kernel Variables...
         Mounting FUSE Control File System...
         Mounting Kernel Configuration File System...
[[0;32m  OK  [0m] Started Journal Service.
[[0;32m  OK  [0m] Mounted FUSE Control File System.
[[0;32m  OK  [0m] Mounted Kernel Configuration File System.
         Starting Flush Journal to Persistent Storage...
[[0;32m  OK  [0m] Started udev Coldplug all Devices.
[[0;32m  OK  [0m] Started Apply Kernel Variables.
[[0;32m  OK  [0m] Started udev Kernel Device Manager.
[[0;32m  OK  [0m] Started Flush Journal to Persistent Storage.
[[0;32m  OK  [0m] Started Set the console keyboard layout.
[[0;32m  OK  [0m] Started Dispatch Password Requests to Console Directory Watch.
[[0;32m  OK  [0m] Reached target Local Encrypted Volumes.
[[0;32m  OK  [0m] Reached target Local File Systems (Pre).
[[0;32m  OK  [0m] Reached target Local File Systems.
         Starting Create Volatile Files and Directories...
         Starting ebtables ruleset management...
         Starting Commit a transient machine-id on disk...
         Starting Tell Plymouth To Write Out Runtime Data...
         Starting Set console font and keymap...
         Starting AppArmor initialization...
[[0;32m  OK  [0m] Found device /dev/ttyS0.
[[0;32m  OK  [0m] Started Tell Plymouth To Write Out Runtime Data.
[[0;32m  OK  [0m] Started Commit a transient machine-id on disk.
[[0;32m  OK  [0m] Started Create Volatile Files and Directories.
         Starting Update UTMP about System Boot/Shutdown...
[[0;32m  OK  [0m] Started Update UTMP about System Boot/Shutdown.
[[0;32m  OK  [0m] Started ebtables ruleset management.
[[0;32m  OK  [0m] Listening on Load/Save RF Kill Switch Status /dev/rfkill Watch.
         Mounting Arbitrary Executable File Formats File System...
[[0;32m  OK  [0m] Mounted Arbitrary Executable File Formats File System.
[[0;32m  OK  [0m] Started AppArmor initialization.
         Starting Initial cloud-init job (pre-networking)...
         Starting Load AppArmor profiles managed internally by snapd...
[[0;32m  OK  [0m] Started Load AppArmor profiles managed internally by snapd.
[   51.457231] cloud-init[697]: Cloud-init v. 23.1.2-0ubuntu0~18.04.1 running 'init-local' at Sat, 16 Sep 2023 05:32:10 +0000. Up 48.98 seconds.
[[0;32m  OK  [0m] Started Initial cloud-init job (pre-networking).
[[0;32m  OK  [0m] Reached target Network (Pre).
         Starting Network Service...
[[0;32m  OK  [0m] Started Network Service.
         Starting Network Name Resolution...
         Starting Wait for Network to be Configured...
[[0;32m  OK  [0m] Started Set console font and keymap.
[[0;32m  OK  [0m] Started Network Name Resolution.
[[0;32m  OK  [0m] Reached target Network.
[[0;32m  OK  [0m] Reached target Host and Network Name Lookups.
[[0;32m  OK  [0m] Started Wait for Network to be Configured.
         Starting Initial cloud-init job (metadata service crawler)...
[   57.301857] cloud-init[867]: Cloud-init v. 23.1.2-0ubuntu0~18.04.1 running 'init' at Sat, 16 Sep 2023 05:32:17 +0000. Up 56.22 seconds.
[   57.323068] cloud-init[867]: ci-info: ++++++++++++++++++++++++++++++++++++++Net device info++++++++++++++++++++++++++++++++++++++
[   57.344124] cloud-init[867]: ci-info: +--------+------+----------------------------+---------------+--------+-------------------+
[   57.371219] cloud-init[867]: ci-info: | Device |  Up  |          Address           |      Mask     | Scope  |     Hw-Address    |
[   57.399853] cloud-init[867]: ci-info: +--------+------+----------------------------+---------------+--------+-------------------+
[   57.430794] cloud-init[867]: ci-info: | enp0s3 | True |         10.0.2.15          | 255.255.255.0 | global | 02:3b:7b:b7:3b:2d |
[   57.461272] cloud-init[867]: ci-info: | enp0s3 | True | fe80::3b:7bff:feb7:3b2d/64 |       .       |  link  | 02:3b:7b:b7:3b:2d |
[   57.490611] cloud-init[867]: ci-info: |   lo   | True |         127.0.0.1          |   255.0.0.0   |  host  |         .         |
[   57.518991] cloud-init[867]: ci-info: |   lo   | True |          ::1/128           |       .       |  host  |         .         |
[   57.545568] cloud-init[867]: ci-info: +--------+------+----------------------------+---------------+--------+-------------------+
[   57.569718] cloud-init[867]: ci-info: ++++++++++++++++++++++++++++Route IPv4 info+++++++++++++++++++++++++++++
[   57.592436] cloud-init[867]: ci-info: +-------+-------------+----------+-----------------+-----------+-------+
[   57.647261] cloud-init[867]: ci-info: | Route | Destination | Gateway  |     Genmask     | Interface | Flags |
[   57.698538] cloud-init[867]: ci-info: +-------+-------------+----------+-----------------+-----------+-------+
[   57.743908] cloud-init[867]: ci-info: |   0   |   0.0.0.0   | 10.0.2.2 |     0.0.0.0     |   enp0s3  |   UG  |
[   57.786716] cloud-init[867]: ci-info: |   1   |   10.0.2.0  | 0.0.0.0  |  255.255.255.0  |   enp0s3  |   U   |
[   57.835028] cloud-init[867]: ci-info: |   2   |   10.0.2.2  | 0.0.0.0  | 255.255.255.255 |   enp0s3  |   UH  |
[   57.874855] cloud-init[867]: ci-info: +-------+-------------+----------+-----------------+-----------+-------+
[   57.929865] cloud-init[867]: ci-info: +++++++++++++++++++Route IPv6 info+++++++++++++++++++
[   57.960062] cloud-init[867]: ci-info: +-------+-------------+---------+-----------+-------+
[   57.998772] cloud-init[867]: ci-info: | Route | Destination | Gateway | Interface | Flags |
[   58.034989] cloud-init[867]: ci-info: +-------+-------------+---------+-----------+-------+
[   58.072357] cloud-init[867]: ci-info: |   1   |  fe80::/64  |    ::   |   enp0s3  |   U   |
[   58.115311] cloud-init[867]: ci-info: |   3   |    local    |    ::   |   enp0s3  |   U   |
[   58.155870] cloud-init[867]: ci-info: |   4   |   ff00::/8  |    ::   |   enp0s3  |   U   |
[   58.203317] cloud-init[867]: ci-info: +-------+-------------+---------+-----------+-------+
[   61.782308] cloud-init[867]: Generating public/private rsa key pair.
[   61.824463] cloud-init[867]: Your identification has been saved in /etc/ssh/ssh_host_rsa_key.
[   61.873435] cloud-init[867]: Your public key has been saved in /etc/ssh/ssh_host_rsa_key.pub.
[   61.915023] cloud-init[867]: The key fingerprint is:
[   61.942857] cloud-init[867]: SHA256:OJRkSIleOzJRxcwPnHQrpmTzFIbUrf8+Wpxw6jnkJT0 root@ubuntu-bionic
[   61.974843] cloud-init[867]: The key's randomart image is:
[   62.002251] cloud-init[867]: +---[RSA 2048]----+
[   62.035471] cloud-init[867]: |   =+%Bo.        |
[   62.055072] cloud-init[[0;32m  OK  [0m] Started Initial cloud-init job (metadata service crawler).
[[0;32m  OK  [0m] Reached target Cloud-config availability.
[[0;32m  OK  [0m] Reached target System Initialization.
[[0;32m  OK  [0m] Listening on UUID daemon activation socket.
[[0;32m  OK  [0m] Started Daily Cleanup of Temporary Directories.
[[0;32m  OK  [0m] Listening on cloud-init hotplug hook socket.
[[0;32m  OK  [0m] Listening on D-Bus System Message Bus Socket.
[[0;32m  OK  [0m] Started Daily apt download activities.
[[0;32m  OK  [0m] Started Ubuntu Advantage Timer for running repeated jobs.
[867]: |  o =+O+..       |
[[0;32m  OK  [0m] Started ACPI Events Check.
[   62.176393] cloud-init[867]:          Starting LXD - unix socket.
| . o+.*+.        |
         Starting Socket activation for snappy daemon.
[[0;32m  OK  [0m] Listening on Open-iSCSI iscsid Socket.
[[0;32m  OK  [0m] Started Message of the Day.
[[0;32m  OK  [0m] Reached target Paths.
[[0;32m  OK  [0m] Started Discard unused blocks once a week.
[[0;32m  OK  [0m] Listening on ACPID Listen Socket.
[[0;32m  OK  [0m] Started Daily apt upgrade and clean activities.
[[0;32m  OK  [0m] Reached target Timers.
[[0;32m  OK  [0m] Reached target Network is Online.
         Starting Availability of block devices...
[[0;32m  OK  [0m] Reached target Remote File Systems (Pre).
[[0;32m  OK  [0m] Reached target Remote File Systems.
[[0;32m  OK  [0m] Listening on LXD - unix socket.
[[0;32m  OK  [0m] Listening on Socket activation for snappy daemon.
[[0;32m  OK  [0m] Started Availability of block devices.[   62.330390] cloud-init[867]: |  +ooB.o.        |
[   62.411874] cloud-init[867]: |   o..+.S..      |

[[0;32m  OK  [0m] Reached target Sockets.
[[   62.414846] cloud-init[867]: |       .+=E.     |
[0;32m  OK  [0m] Reached target Basic System.
[   62.430871]          Starting Pollinate to seed the pseudo random number generator...
cloud-init[867]: |       o.++.     |
[[0;32m  OK  [0m] Started FUSE filesystem for LXC.
[   62.493991] cloud-init[867]: |       .ooo      |
         Starting Login Service...
[   62.544895] cloud-init[867]: |        ++..     |
[   62.560764] cloud-init[867]: +----[SHA256]-----+
         Starting Virtualbox guest utils...
[   62.584557] cloud-init[867]: Generating public/private dsa key pair.
[   62.621929] cloud-init[867]: Your identification has been saved in /etc/ssh/ssh_host_dsa_key.
[   62.645103] cloud-init[867]: Your public key has been saved in /etc/ssh/ssh_host_dsa_key.pub.
[   62.689734]          Starting Permit User Sessions...
[[0;32m  OK  [0m] Started irqbalance daemon.
cloud-init[867]: The key fingerprint is:
[[0;32m  OK  [0m] Started D-Bus System Message Bus.
[   62.758560] cloud-init[867]: SHA256:39HLOyu3tbjgbZZJM/0fjW1nXTWNCmCR8ymWlXOKnJI root@ubuntu-bionic
[   62.811466] cloud-init[867]: The key's randomart image is:
[   62.826268] cloud-init[867]: +---[DSA 1024]----+
[   62.838282] cloud-init[867]: |        +o .     |
[   62.852327] cloud-init[867]: |       .o.+ .  ..|
[   62.870383] cloud-init[867]: |       o B.=  ..o|
[   62.883538] cloud-init[867]: |      E B +. o  o|
[   62.898237] cloud-init[867]: |       oS.  o o .|
[   62.931270] cloud-init[867]: |         . . * =+|
[   62.969878] cloud-init[867]: |          ..o O.X|
[   62.981192] cloud-init[867]: |          . +=+==|
[   62.989566] cloud-init[867]: |           .o*==o|
[   62.998387] cloud-init[867]: +----[SHA256]-----+
[   63.008124] cloud-init[867]: Generating public/private ecdsa key pair.
[   63.027135] cloud-init[867]: Your identification has been saved in /etc/ssh/ssh_host_ecdsa_key.
[   63.048711] cloud-init[867]: Your public key has been saved in /etc/ssh/ssh_host_ecdsa_key.pub.
[   63.091360] cloud-init[867]: The key fingerprint is:
[   63.103574] cloud-init[867]: SHA256:DyHx7OZkRwpFBPmKYgWUaOkDG7Zs/VTPRteOtJxWIJ0 root@ubuntu-bionic
[   63.129561] cloud-init[867]: The key's randomart image is:
[   63.179305] cloud-init[867]: +---[ECDSA 256]---+
[   63.207727] cloud-init[867]: | oo.  o=+...+    |
[   63.225829] cloud-init[867]: |++o   .* ..E o   |
[   63.237489] cloud-init[867]: |*oo.  +.B = *    |
[   63.279456] cloud-init[867]: |.* ... +.B * .   |
         Starting System Logging Service...
[[0;32m  OK  [0m] Started Deferred execution scheduler.
[   63.301850] cloud-init[867]: |. ..o. .S o      |
[   63.340728] cloud-init[867]: |  o ...= +       |
[   63.349051] cloud-init[867]: | . .    . .      |
[   63.389327] cloud-init[867]: |                 |
         Starting Accounts Service...
[   63.418451] cloud-init[867]: |                 |
[   63.452995] cloud-init[867]: +----[SHA256]-----+
[   63.465245] cloud-init[867]: Generating public/private ed25519 key pair.
[   63.481391] cloud-init[867]: Your identification has been saved in /etc/ssh/ssh_host_ed25519_key.
[   63.505751] cloud-init[867]: Your public key has been saved in /etc/ssh/ssh_host_ed25519_key.pub.
[   63.527293] cloud-init[867]: The key fingerprint is:
[   63.542444] cloud-init[867]: SHA256:kZum1UFPD4LAVhN47Mz5DmcoQ8Z/VTgQ3xjto49Duko root@ubuntu-bionic
[   63.563120] cloud-init[867]: The key's randomart image is:
[   63.575786] cloud-init[867]: +--[ED25519 256]--+
[   63.589396] cloud-init[867]: |     ..=+o=o+o   |
[   63.599470] cloud-init[867]: |      + ++ =o*o  |
[   63.610867] cloud-init[867]: |     o =o.. ++o  |
[   63.618983] cloud-init[867]: |      + == .. o  |
[   63.626492] cloud-init[867]: |     o .So.. . . |
[   63.632999] cloud-init[867]: |      o++ = o    |
[   63.649489] cloud-init[867]: |      .oE* o o   |
[   63.661703] cloud-init[867]: |       .  o o .  |
[   63.713973] cloud-init[867]: |        .... .   |
[   63.731059] cloud-init[867]: +----[SHA256]-----+
[[0;32m  OK  [0m] Started Regular background program processing daemon.
[[0;32m  OK  [0m] Reached target Login Prompts (Pre).
         Starting LSB: automatic crash report generation...
         Starting LSB: Record successful boot for GRUB...
         Starting Dispatcher daemon for systemd-networkd...
         Starting Snap Daemon...
         Starting LXD - container startup/shutdown...
[[0;32m  OK  [0m] Started System Logging Service.
[[0;32m  OK  [0m] Started Permit User Sessions.
         Starting Terminate Plymouth Boot Screen...
         Starting Hold until boot process finishes up...
[[0;32m  OK  [0m] Started Login Service.
         Starting Authorization Manager...
[[0;32m  OK  [0m] Started Unattended Upgrades Shutdown.
[[0;32m  OK  [0m] Started Hold until boot process finishes up.
         Starting Set console scheme...
[[0;32m  OK  [0m] Started Serial Getty on ttyS0.
[[0;32m  OK  [0m] Started Terminate Plymouth Boot Screen.
[[0;32m  OK  [0m] Started Set console scheme.
[[0;32m  OK  [0m] Created slice system-getty.slice.
[[0;32m  OK  [0m] Started Getty on tty1.
[[0;32m  OK  [0m] Reached target Login Prompts.
[[0;32m  OK  [0m] Started LSB: automatic crash report generation.
[[0;32m  OK  [0m] Started Authorization Manager.
[[0;32m  OK  [0m] Started Accounts Service.
[[0;32m  OK  [0m] Started LSB: Record successful boot for GRUB.
[[0;32m  OK  [0m] Started Virtualbox guest utils.
[[0;32m  OK  [0m] Started Dispatcher daemon for systemd-networkd.
[[0;32m  OK  [0m] Started LXD - container startup/shutdown.

Ubuntu 18.04.6 LTS ubuntu-bionic ttyS0

ubuntu-bionic login: [   90.949482] cloud-init[1406]: Cloud-init v. 23.1.2-0ubuntu0~18.04.1 running 'modules:config' at Sat, 16 Sep 2023 05:32:47 +0000. Up 85.73 seconds.
ci-info: no authorized SSH keys fingerprints found for user ubuntu.
<14>Sep 16 05:32:56 cloud-init: #############################################################
<14>Sep 16 05:32:56 cloud-init: -----BEGIN SSH HOST KEY FINGERPRINTS-----
<14>Sep 16 05:32:56 cloud-init: 1024 SHA256:39HLOyu3tbjgbZZJM/0fjW1nXTWNCmCR8ymWlXOKnJI root@ubuntu-bionic (DSA)
<14>Sep 16 05:32:56 cloud-init: 256 SHA256:DyHx7OZkRwpFBPmKYgWUaOkDG7Zs/VTPRteOtJxWIJ0 root@ubuntu-bionic (ECDSA)
<14>Sep 16 05:32:56 cloud-init: 256 SHA256:kZum1UFPD4LAVhN47Mz5DmcoQ8Z/VTgQ3xjto49Duko root@ubuntu-bionic (ED25519)
<14>Sep 16 05:32:56 cloud-init: 2048 SHA256:OJRkSIleOzJRxcwPnHQrpmTzFIbUrf8+Wpxw6jnkJT0 root@ubuntu-bionic (RSA)
<14>Sep 16 05:32:56 cloud-init: -----END SSH HOST KEY FINGERPRINTS-----
<14>Sep 16 05:32:56 cloud-init: #############################################################
-----BEGIN SSH HOST KEY KEYS-----
ecdsa-sha2-nistp256 AAAAE2VjZHNhLXNoYTItbmlzdHAyNTYAAAAIbmlzdHAyNTYAAABBBF2Igz+dJ/NBAqOP4vxf3AFL1VCvTcGf9e40vvOjk/uBKyM94XTd4ChN/mAG6z51/rf47CgAegobscJKZOZ3GeY= root@ubuntu-bionic
ssh-ed25519 AAAAC3NzaC1lZDI1NTE5AAAAIBJyFpmlpHuEXysqeen36W88V5zEXe/DmYjIdFUbwr7J root@ubuntu-bionic
ssh-rsa AAAAB3NzaC1yc2EAAAADAQABAAABAQC2ITzQm6fYWdd4AEucJU4aLbCtdkeuzHRc7wnxnqJY5sr93P+bjNkGWOd1TbVQ0SKI7S8pfZlgJha4cQtDmMxGzwOkpJ/fk4Bjo5QoMCrzb1YM9eX4HpzT8VTCzFZNRX0JzNp3hrLQtJVvphkxmslz+qoTC+YgppeI3G3ezWmvOh6XQpMt92YQYDJSAbUJsS3LUxiiQKOIBoLXsB5Ww6C6T8QdIm9/IqNhIMwn0UIsTLGXYc3afkQY6U2tdR8nsf8A4T5m+hBh9aatdyA9PJd2Pii+NpygVEM6mOO/PaVFt2i9mYkymgbaW8p+cQiYq0vm9xVBxdjwS1db9odAveqD root@ubuntu-bionic
-----END SSH HOST KEY KEYS-----
[   95.298745] cloud-init[1550]: Cloud-init v. 23.1.2-0ubuntu0~18.04.1 running 'modules:final' at Sat, 16 Sep 2023 05:32:55 +0000. Up 93.96 seconds.
[   95.302797] cloud-init[1550]: Cloud-init v. 23.1.2-0ubuntu0~18.04.1 finished at Sat, 16 Sep 2023 05:32:56 +0000. Datasource DataSourceNoCloud [seed=/dev/sdb][dsmode=net].  Up 95.15 seconds
